=== Job Hunter 开始 2026-06-19 09:12:46 ===
⏳ 随机延迟 871s（模拟人类）...
🔍 检查 Chrome 调试端口 9222...
✅ Chrome 已就绪
🚀 开始投递...

╔══════════════════════════════════════╗
║  🤖 Job Hunter v2 — Boss直聘        ║
╠══════════════════════════════════════╣
║  城市: 深圳, 上海, 广州, 北京, 武汉, 重庆, 杭州, 成都, 苏州         ║
║  搜索: 智驾测试, ADAS测试, 自动驾驶测试, 实车测试, 车载测试        ║
║  每任务上限: 15 份              ║
║  最低评分: 30               ║
║  时间: 2026-06-19 19:19           ║
╚══════════════════════════════════════╝

🔗 连接 Chrome（端口 9222）...

============================================================
📍 深圳 | 🔍 智驾测试 | 🎯 上限 15 份
============================================================
  待处理 1 个（第 1 页）
  [ 35分] 深圳市无垠动力科技 | 测试专员 | -K·薪 → 技能匹配:Linux/Shell/LIN、Linux
    ✅ 已投递 (1/15)
  加载更多：14 → 29 个
  待处理 2 个（第 3 页）
  [  0分] 速腾聚创 | 测试工艺助理工程师 | -K·薪 → 缺少必须关键词: ADAS...
  [  0分] 易宝软件 | 导航测试 | -K → 缺少必须关键词: ADAS...
  本页全不匹配 (连续 1/3 页无匹配)
  加载更多：29 → 44 个
  加载更多：44 → 59 个
  待处理 1 个（第 6 页）
  [  0分] 华勤技术股份有限公司 | 手机AI测试工程师 | -K → 缺少必须关键词: ADAS...
  本页全不匹配 (连续 2/3 页无匹配)

  ☕ 休息 12s ...


============================================================
📍 深圳 | 🔍 ADAS测试 | 🎯 上限 15 份
============================================================
  加载更多：14 → 29 个
  加载更多：29 → 44 个
  加载更多：44 → 59 个
  待处理 2 个（第 4 页）
  [  0分] 申朴信息 | 自动化测试银行经验 | -K → 缺少必须关键词: ADAS...
  [  0分] 智寻信息技术有限公司 | GPS软件测试工程师 | -K → 缺少必须关键词: ADAS...
  本页全不匹配 (连续 1/3 页无匹配)
  加载更多：59 → 74 个
  待处理 1 个（第 6 页）
  [  0分] 安徽海明微半导体 | 高级系统测试工程师 | -K → 缺少必须关键词: ADAS...
  本页全不匹配 (连续 2/3 页无匹配)

  ☕ 休息 11s ...


============================================================
📍 深圳 | 🔍 自动驾驶测试 | 🎯 上限 15 份
============================================================
  加载更多：14 → 29 个
  待处理 2 个（第 2 页）
  [ 40分] 比亚迪汽车工业 | 自动驾驶产品经理 | -K → 技能匹配:Linux/Shell/LIN、自动驾驶
    ✅ 已投递 (1/15)
  [ 25分]  | 自动驾驶定位算法工程师 |  → 技能匹配:Linux/LIN/Python、自动驾驶
  待处理 1 个（第 3 页）
  [ 25分] 上海悦行合肥分公司 | 深圳国企自动挡驾驶员当天配车 | -K → 技能匹配:Linux/LIN/Python、自动驾驶
  本页全不匹配 (连续 1/3 页无匹配)
  加载更多：14 → 29 个
  待处理 1 个（第 5 页）
  [ 25分] 伟创动力 | 自动化测试开发工程师 | -K → 技能匹配:Linux/LIN/Python、自动驾驶
  本页全不匹配 (连续 2/3 页无匹配)
  加载更多：29 → 44 个

  ☕ 休息 8s ...


============================================================
📍 深圳 | 🔍 实车测试 | 🎯 上限 15 份
============================================================
  未找到岗位卡片，停止

  ☕ 休息 11s ...


============================================================
📍 深圳 | 🔍 车载测试 | 🎯 上限 15 份
============================================================
  待处理 1 个（第 1 页）
  [  0分] 同行者科技 | 车载软件测试 | -K → 无匹配
  本页全不匹配 (连续 1/3 页无匹配)
  加载更多：14 → 29 个
  待处理 2 个（第 3 页）
  [  0分] 麦谷科技 | 车载外贸销售 | -K → 标题包含排除词: 销售
  [  0分] 南京普塔 | 车载安卓开发（base广州） | -K → 无匹配
  本页全不匹配 (连续 2/3 页无匹配)
  加载更多：29 → 44 个
  待处理 4 个（第 5 页）
  [  0分] 美团 | 无人车-硬件测试开发资深工程师 | -K → 标题包含排除词: 资深
  [  0分] 陆巡科技 | 车载电源工程师 | -K·薪 → 无匹配
  [ 40分] 东乘电子科技 | 多模态架构工程师（车载机器人核心） | -K → 目标岗位:机器人、机器人
    ✅ 已投递 (6/20)
  [ 35分]  | 结构工程师（房车 / 车载 LED 照明方向） |  → 技能匹配:Jira/CANoe/CAN、Jira
    ✅ 已投递 (7/20)
  加载更多：14 → 29 个

  ☕ 休息 9s ...


============================================================
📍 上海 | 🔍 智驾测试 | 🎯 上限 15 份
============================================================
  加载更多：14 → 29 个
  待处理 1 个（第 2 页）
  [🔴过滤] 中科创达 | 测试工程师（机器人/智驾数据平台） | -K → 外包低薪无技术→过滤
  本页全不匹配 (连续 1/3 页无匹配)
  加载更多：29 → 44 个
  待处理 1 个（第 4 页）
  [  0分] 中电金信 | AI应用测试 | -K → 缺少必须关键词: ADAS...
  本页全不匹配 (连续 2/3 页无匹配)
  加载更多：44 → 59 个
  加载更多：59 → 74 个

  ☕ 休息 11s ...


============================================================
📍 上海 | 🔍 ADAS测试 | 🎯 上限 15 份
============================================================
  加载更多：14 → 29 个
  待处理 3 个（第 2 页）
  [ 15分] 极豆车联网 | ADAS行车功能测试工程师 | -K → 技能匹配:ADAS、ADAS
  [ 15分] 宁橡新能源汽车电子 | ADAS(驾驶）测试工程师 | -K → 技能匹配:ADAS、ADAS
  [ 15分] 跃拓 | ADAS 测试FAE | -K → 技能匹配:ADAS、ADAS
  本页全不匹配 (连续 1/3 页无匹配)
  加载更多：29 → 44 个
  待处理 4 个（第 4 页）
  [ 15分] 智驾科技MAXIEYE | ADAS FAE工程师 (MJ000421) | -K·薪 → 技能匹配:ADAS、ADAS
  [ 15分] 上海蛮酷科技 | ADAS系统工程师 | -K·薪 → 技能匹配:ADAS、ADAS
  [ 15分] 上海经创至诚 | 整车集成测试工程师 | -K → 技能匹配:ADAS、ADAS
  [ 75分] 新石器慧通 | 自动驾驶测试实习生 | -元/天 → 目标岗位:自动驾驶测试、接受实习/应届、技能匹配:ADAS、ADAS
    ✅ 已投递 (7/21)
  加载更多：14 → 29 个
  加载更多：29 → 44 个

  ☕ 休息 10s ...


============================================================
📍 上海 | 🔍 自动驾驶测试 | 🎯 上限 15 份
============================================================
  待处理 1 个（第 1 页）
  [🟡调整] 40→50分 中科创达 | 车辆运营（自动驾驶） | -K → 高价值外包跳板+10
  [ 50分] 中科创达 | 车辆运营（自动驾驶） | -K → 技能匹配:Linux/CAN/LIN、自动驾驶、高价值外包跳板+10
    ✅ 已投递 (1/15)
Traceback (most recent call last):
  File "/Users/liuwendi/projects/job-hunter/boss_apply.py", line 404, in <module>
    main()
  File "/Users/liuwendi/projects/job-hunter/boss_apply.py", line 371, in main
    a, s, f = run_single_cycle(
  File "/Users/liuwendi/projects/job-hunter/boss_apply.py", line 120, in run_single_cycle
    cards = search_tab.eles(".job-card-wrap")
  File "/Users/liuwendi/Library/Python/3.9/lib/python/site-packages/DrissionPage/_pages/chromium_base.py", line 433, in eles
    return self._ele(locator, timeout=timeout, index=None)
  File "/Users/liuwendi/Library/Python/3.9/lib/python/site-packages/DrissionPage/_base/base.py", line 354, in _ele
    r = self._find_elements(locator, timeout=timeout, index=index, raise_err=raise_err)
  File "/Users/liuwendi/Library/Python/3.9/lib/python/site-packages/DrissionPage/_pages/chromium_base.py", line 503, in _find_elements
    raise PageDisconnectedError
DrissionPage.errors.PageDisconnectedError: 
The connection to the page has been disconnected.
Version: 4.1.1.4
